// Jest Snapshot v1, https://goo.gl/fbAQLP

exports[`GitopsSecret Construct(GitopsStack):  Snapshot Test 1`] = `[Function]`;
