// Jest Snapshot v1, https://goo.gl/fbAQLP

exports[`Initialized CodeCommit Repository Snapshot Test 1`] = `
{
  "Resources": {
    "SnapshotTest4B1F0CC8": {
      "Properties": {
        "Code": {
          "BranchName": "main",
          "S3": {
            "Bucket": "Testbucket",
            "Key": "testkey",
          },
        },
        "RepositoryName": "AWS-accelerator",
      },
      "Type": "AWS::CodeCommit::Repository",
    },
  },
}
`;
