// Jest Snapshot v1, https://goo.gl/fbAQLP

exports[`CloudTrailExtension Snapshot Test 1`] = `
{
  "Resources": {
    "SnapshotTest4B1F0CC8": {
      "DependsOn": [
        "SnapshotTestS3Policy98BCFC00",
      ],
      "Properties": {
        "EnableLogFileValidation": true,
        "EventSelectors": [],
        "IncludeGlobalServiceEvents": true,
        "InsightSelectors": [
          {
            "InsightType": "ApiCallRateInsight",
          },
          {
            "InsightType": "ApiErrorRateInsight",
          },
        ],
        "IsLogging": true,
        "IsMultiRegionTrail": true,
        "IsOrganizationTrail": true,
        "S3BucketName": {
          "Ref": "SnapshotTestS30107570F",
        },
      },
      "Type": "AWS::CloudTrail::Trail",
    },
    "SnapshotTestS30107570F": {
      "DeletionPolicy": "Retain",
      "Type": "AWS::S3::Bucket",
      "UpdateReplacePolicy": "Retain",
    },
    "SnapshotTestS3Policy98BCFC00": {
      "Properties": {
        "Bucket": {
          "Ref": "SnapshotTestS30107570F",
        },
        "PolicyDocument": {
          "Statement": [
            {
              "Action": "s3:*",
              "Condition": {
                "Bool": {
                  "aws:SecureTransport": "false",
                },
              },
              "Effect": "Deny",
              "Principal": {
                "AWS": "*",
              },
              "Resource": [
                {
                  "Fn::GetAtt": [
                    "SnapshotTestS30107570F",
                    "Arn",
                  ],
                },
                {
                  "Fn::Join": [
                    "",
                    [
                      {
                        "Fn::GetAtt": [
                          "SnapshotTestS30107570F",
                          "Arn",
                        ],
                      },
                      "/*",
                    ],
                  ],
                },
              ],
            },
            {
              "Action": "s3:GetBucketAcl",
              "Effect": "Allow",
              "Principal": {
                "Service": "cloudtrail.amazonaws.com",
              },
              "Resource": {
                "Fn::GetAtt": [
                  "SnapshotTestS30107570F",
                  "Arn",
                ],
              },
            },
            {
              "Action": "s3:PutObject",
              "Condition": {
                "StringEquals": {
                  "s3:x-amz-acl": "bucket-owner-full-control",
                },
              },
              "Effect": "Allow",
              "Principal": {
                "Service": "cloudtrail.amazonaws.com",
              },
              "Resource": {
                "Fn::Join": [
                  "",
                  [
                    {
                      "Fn::GetAtt": [
                        "SnapshotTestS30107570F",
                        "Arn",
                      ],
                    },
                    "/AWSLogs/",
                    {
                      "Ref": "AWS::AccountId",
                    },
                    "/*",
                  ],
                ],
              },
            },
          ],
          "Version": "2012-10-17",
        },
      },
      "Type": "AWS::S3::BucketPolicy",
    },
  },
}
`;
